I'm sorry, but errors were detected in your script. Please correct the
errors listed below, and try again.


File "game/Game/Quests.rpy", line 63: '{' was never closed
    {
    ^

Ren'Py Version: Ren'Py 8.5.3.26042304+nightly
Sun Jun  7 05:01:19 2026
